// Jest Snapshot v1, https://goo.gl/fbAQLP

exports[`test on <GifCard/> should make a snapshot 1`] = `
<div>
  <div
    class="card"
  >
    <img
      alt="title"
      src="img"
    />
    <p>
      title
    </p>
  </div>
</div>
`;
